Test     : CostJb   : Nonlinear Jb = 0
Test     : CostJo   : Nonlinear Jo(Radiosonde) = 928.397, nobs = 969, Jo/n = 0.958098, err = 1.98542
Test     : CostJo   : Nonlinear Jo(Aircraft) = 1555.92, nobs = 1591, Jo/n = 0.97795, err = 2.29575
Test     : CostJo   : Nonlinear Jo(Satwind) = 21.8547, nobs = 63, Jo/n = 0.3469, err = 7.97005
Test     : CostJo   : Nonlinear Jo(GnssroRef) = 1.62431, nobs = 1, Jo/n = 1.62431, err = 3.35131
Test     : CostJo   : Nonlinear Jo(GnssroBndROPP1D) = 7.33483, nobs = 9, Jo/n = 0.814982, err = 0.000672614
Test     : CostJo   : Nonlinear Jo(SfcPCorrected) = 655.124, nobs = 49, Jo/n = 13.3699, err = 146.496
Test     : CostFunction: Nonlinear J = 3170.25
Test     : DRIPCGMinimizer: reduction in residual norm = 0.00047721
Test     : CostFunction::addIncrement: Analysis: 
Test     :   Valid time: 2018-04-15T00:00:00Z
Test     :   Resolution: nCellsGlobal = 2562, nFields = 6
Test     : Fld=1  Min=199.629, Max=305.732, RMS=243.967 : temperature
Test     : Fld=2  Min=1472.17, Max=98025.2, RMS=49316.1 : pressure
Test     : Fld=3  Min=0, Max=0.0217649, RMS=0.00463194 : spechum
Test     : Fld=4  Min=-44.1302, Max=83.4725, RMS=17.6575 : uReconstructZonal
Test     : Fld=5  Min=-45.5377, Max=58.6055, RMS=9.01481 : uReconstructMeridional
Test     : Fld=6  Min=57020.6, Max=104624, RMS=98679.9 : surface_pressure
Test     : CostJb   : Nonlinear Jb = 188.27
Test     : CostJo   : Nonlinear Jo(Radiosonde) = 779.991, nobs = 968, Jo/n = 0.805776, err = 1.9853
Test     : CostJo   : Nonlinear Jo(Aircraft) = 1187.28, nobs = 1578, Jo/n = 0.752397, err = 2.29975
Test     : CostJo   : Nonlinear Jo(Satwind) = 17.6639, nobs = 62, Jo/n = 0.284901, err = 7.98579
Test     : CostJo   : Nonlinear Jo(GnssroRef) = 1.54457, nobs = 1, Jo/n = 1.54457, err = 3.35131
Test     : CostJo   : Nonlinear Jo(GnssroBndROPP1D) = 3.185, nobs = 8, Jo/n = 0.398125, err = 0.000713411
Test     : CostJo   : Nonlinear Jo(SfcPCorrected) = 167.636, nobs = 49, Jo/n = 3.42114, err = 146.496
Test     : CostFunction: Nonlinear J = 2345.57
Test     : DRIPCGMinimizer: reduction in residual norm = 0.00035806
Test     : CostFunction::addIncrement: Analysis: 
Test     :   Valid time: 2018-04-15T00:00:00Z
Test     :   Resolution: nCellsGlobal = 2562, nFields = 6
Test     : Fld=1  Min=199.649, Max=305.732, RMS=243.968 : temperature
Test     : Fld=2  Min=1472.17, Max=98024.9, RMS=49316 : pressure
Test     : Fld=3  Min=0, Max=0.0217562, RMS=0.0046324 : spechum
Test     : Fld=4  Min=-44.1302, Max=83.6012, RMS=17.6572 : uReconstructZonal
Test     : Fld=5  Min=-45.5377, Max=58.6054, RMS=9.01598 : uReconstructMeridional
Test     : Fld=6  Min=57020.7, Max=104624, RMS=98679.9 : surface_pressure
Test     : CostJb   : Nonlinear Jb = 195.017
Test     : CostJo   : Nonlinear Jo(Radiosonde) = 775.643, nobs = 967, Jo/n = 0.802112, err = 1.98548
Test     : CostJo   : Nonlinear Jo(Aircraft) = 1165.34, nobs = 1576, Jo/n = 0.739429, err = 2.30021
Test     : CostJo   : Nonlinear Jo(Satwind) = 17.6784, nobs = 62, Jo/n = 0.285135, err = 7.98579
Test     : CostJo   : Nonlinear Jo(GnssroRef) = 1.54555, nobs = 1, Jo/n = 1.54555, err = 3.35131
Test     : CostJo   : Nonlinear Jo(GnssroBndROPP1D) = 3.20088, nobs = 8, Jo/n = 0.400109, err = 0.000713411
Test     : CostJo   : Nonlinear Jo(SfcPCorrected) = 167.894, nobs = 49, Jo/n = 3.42642, err = 146.496
Test     : CostFunction: Nonlinear J = 2326.32
