Test     : CostJb   : Nonlinear Jb = 0
Test     : CostJo   : Nonlinear Jo(AMSUA-NOAA19--nohydro) = 7259.94, nobs = 571, Jo/n = 12.7144, err = 1.33656
Test     : CostFunction: Nonlinear J = 7259.94
Test     : DRIPCGMinimizer: reduction in residual norm = 8.50955e-06
Test     : CostFunction::addIncrement: Analysis: 
Test     :   Valid time: 2018-04-15T00:00:00Z
Test     :   Resolution: nCellsGlobal = 2562, nFields = 5
Test     : Fld=1  Min=199.569, Max=305.197, RMS=243.939 : temperature
Test     : Fld=2  Min=0, Max=0.0189684, RMS=0.00463605 : spechum
Test     : Fld=3  Min=-44.1611, Max=83.0029, RMS=17.6546 : uReconstructZonal
Test     : Fld=4  Min=-45.5359, Max=58.6079, RMS=9.00177 : uReconstructMeridional
Test     : Fld=5  Min=56985.5, Max=104693, RMS=98674.5 : surface_pressure
Test     : CostJb   : Nonlinear Jb = 371.255
Test     : CostJo   : Nonlinear Jo(AMSUA-NOAA19--nohydro) = 6327.39, nobs = 554, Jo/n = 11.4213, err = 1.35575
Test     : CostFunction: Nonlinear J = 6698.65
Test     : DRIPCGMinimizer: reduction in residual norm = 7.33222e-06
Test     : CostFunction::addIncrement: Analysis: 
Test     :   Valid time: 2018-04-15T00:00:00Z
Test     :   Resolution: nCellsGlobal = 2562, nFields = 5
Test     : Fld=1  Min=199.591, Max=305.131, RMS=243.909 : temperature
Test     : Fld=2  Min=0, Max=0.0189684, RMS=0.0046359 : spechum
Test     : Fld=3  Min=-44.1611, Max=83.0029, RMS=17.6546 : uReconstructZonal
Test     : Fld=4  Min=-45.5359, Max=58.6079, RMS=9.00177 : uReconstructMeridional
Test     : Fld=5  Min=56985.5, Max=104693, RMS=98674.5 : surface_pressure
Test     : CostJb   : Nonlinear Jb = 482.215
Test     : CostJo   : Nonlinear Jo(AMSUA-NOAA19--nohydro) = 5919.51, nobs = 554, Jo/n = 10.685, err = 1.35575
Test     : CostFunction: Nonlinear J = 6401.73
