Test     : CostJb   : Nonlinear Jb = 0
Test     : CostJo   : Nonlinear Jo(Radiosonde) = 928.397, nobs = 969, Jo/n = 0.958098, err = 1.98542
Test     : CostJo   : Nonlinear Jo(Aircraft) = 1555.92, nobs = 1591, Jo/n = 0.97795, err = 2.29575
Test     : CostJo   : Nonlinear Jo(Satwind) = 21.8547, nobs = 63, Jo/n = 0.3469, err = 7.97005
Test     : CostJo   : Nonlinear Jo(GnssroRef) = 1.62431, nobs = 1, Jo/n = 1.62431, err = 3.35131
Test     : CostJo   : Nonlinear Jo(GnssroBndROPP1D) = 7.33483, nobs = 9, Jo/n = 0.814982, err = 0.000672614
Test     : CostJo   : Nonlinear Jo(SfcPCorrected) = 655.124, nobs = 49, Jo/n = 13.3699, err = 146.496
Test     : CostFunction: Nonlinear J = 3170.25
Test     : DRIPCGMinimizer: reduction in residual norm = 0.00106868
Test     : CostFunction::addIncrement: Analysis: 
Test     :   Valid time: 2018-04-15T00:00:00Z
Test     :   Resolution: nCellsGlobal = 2562, nFields = 6
Test     : Fld=1  Min=199.61, Max=305.248, RMS=243.967 : temperature
Test     : Fld=2  Min=1472.27, Max=98066.9, RMS=49313.6 : pressure
Test     : Fld=3  Min=0, Max=0.0189684, RMS=0.00462816 : spechum
Test     : Fld=4  Min=-44.1611, Max=82.9752, RMS=17.65 : uReconstructZonal
Test     : Fld=5  Min=-45.5359, Max=58.6079, RMS=9.00115 : uReconstructMeridional
Test     : Fld=6  Min=57208.1, Max=104620, RMS=98734.7 : surface_pressure
Test     : CostJb   : Nonlinear Jb = 98.4047
Test     : CostJo   : Nonlinear Jo(Radiosonde) = 752.276, nobs = 968, Jo/n = 0.777144, err = 1.9853
Test     : CostJo   : Nonlinear Jo(Aircraft) = 1001.55, nobs = 1581, Jo/n = 0.633493, err = 2.29657
Test     : CostJo   : Nonlinear Jo(Satwind) = 21.3102, nobs = 63, Jo/n = 0.338257, err = 7.97005
Test     : CostJo   : Nonlinear Jo(GnssroRef) = 1.44816, nobs = 1, Jo/n = 1.44816, err = 3.35131
Test     : CostJo   : Nonlinear Jo(GnssroBndROPP1D) = 7.2923, nobs = 9, Jo/n = 0.810256, err = 0.000672614
Test     : CostJo   : Nonlinear Jo(SfcPCorrected) = 212.174, nobs = 49, Jo/n = 4.33008, err = 146.496
Test     : CostFunction: Nonlinear J = 2094.46
Test     : DRIPCGMinimizer: reduction in residual norm = 0.000313788
Test     : CostFunction::addIncrement: Analysis: 
Test     :   Valid time: 2018-04-15T00:00:00Z
Test     :   Resolution: nCellsGlobal = 2562, nFields = 6
Test     : Fld=1  Min=199.61, Max=305.248, RMS=243.967 : temperature
Test     : Fld=2  Min=1472.27, Max=98066.9, RMS=49313.6 : pressure
Test     : Fld=3  Min=0, Max=0.0189684, RMS=0.004628 : spechum
Test     : Fld=4  Min=-44.1611, Max=82.975, RMS=17.6498 : uReconstructZonal
Test     : Fld=5  Min=-45.5359, Max=58.6079, RMS=9.00038 : uReconstructMeridional
Test     : Fld=6  Min=57207.5, Max=104620, RMS=98734.6 : surface_pressure
Test     : CostJb   : Nonlinear Jb = 98.2127
Test     : CostJo   : Nonlinear Jo(Radiosonde) = 751.614, nobs = 968, Jo/n = 0.77646, err = 1.9853
Test     : CostJo   : Nonlinear Jo(Aircraft) = 983.825, nobs = 1580, Jo/n = 0.622674, err = 2.29644
Test     : CostJo   : Nonlinear Jo(Satwind) = 21.3067, nobs = 63, Jo/n = 0.338201, err = 7.97005
Test     : CostJo   : Nonlinear Jo(GnssroRef) = 1.44789, nobs = 1, Jo/n = 1.44789, err = 3.35131
Test     : CostJo   : Nonlinear Jo(GnssroBndROPP1D) = 7.29221, nobs = 9, Jo/n = 0.810246, err = 0.000672614
Test     : CostJo   : Nonlinear Jo(SfcPCorrected) = 212.373, nobs = 49, Jo/n = 4.33414, err = 146.496
Test     : CostFunction: Nonlinear J = 2076.07
